test_golden_scenarios (Atlas.memory.test_rc5_golden_set.TestRC5GoldenSet) ... 
======================================================================
FAIL: test_golden_scenarios (Atlas.memory.test_rc5_golden_set.TestRC5GoldenSet) (scene_id='GS5')
----------------------------------------------------------------------
Traceback (most recent call last):
  File "D:\ai\mami_ai_v4\standalone_router\Atlas\memory\test_rc5_golden_set.py", line 56, in test_golden_scenarios
    raise e
  File "D:\ai\mami_ai_v4\standalone_router\Atlas\memory\test_rc5_golden_set.py", line 52, in test_golden_scenarios
    self.assertNotIn(s.lower(), context.lower(), f"Failed {scene['id']}: Unexpected '{s}' FOUND")
AssertionError: 'hava durumu' unexpectedly found in '### yakin gemi\u0307■ (transcript)\n(hen³z bu oturumda konu■ma yap²lmad²)\n\n### oturum ÷zetleri\u0307 (uzak gemi■)\n- toplant²da b³te a■²m² tart²■²ld². (turn 1-5)\n- hava durumu raporu. (turn 6-10)\n\n### kayitli ki\u0307■i\u0307sel bi\u0307lgi\u0307ler (long-term)' : Failed GS5: Unexpected 'Hava durumu' FOUND

======================================================================
FAIL: test_golden_scenarios (Atlas.memory.test_rc5_golden_set.TestRC5GoldenSet) (scene_id='GS7')
----------------------------------------------------------------------
Traceback (most recent call last):
  File "D:\ai\mami_ai_v4\standalone_router\Atlas\memory\test_rc5_golden_set.py", line 56, in test_golden_scenarios
    raise e
  File "D:\ai\mami_ai_v4\standalone_router\Atlas\memory\test_rc5_golden_set.py", line 49, in test_golden_scenarios
    self.assertIn(s.lower(), context.lower(), f"Failed {scene['id']}: Expected '{s}' NOT found")
AssertionError: 'kapal²' not found in '### yakin gemi\u0307■ (transcript)\n(hen³z bu oturumda konu■ma yap²lmad²)\n\n### oturum ÷zetleri\u0307 (uzak gemi■)\n(i\u0307lgili ÷zet yok)\n\n### kayitli ki\u0307■i\u0307sel bi\u0307lgi\u0307ler (long-term)\n### kullan²c² profili' : Failed GS7: Expected 'kapal²' NOT found

----------------------------------------------------------------------
Ran 1 test in 0.012s

FAILED (failures=2)
